======================================================================
  Verbier Festival Programme Scraper
======================================================================

==================================================
  Processing year: 1994
==================================================

[Wayback Historical] Sweeping domain for 1994...

    ✗ No programme data found for 1994

==================================================
  Processing year: 1995
==================================================

[Wayback Historical] Sweeping domain for 1995...

    ✗ No programme data found for 1995

==================================================
  Processing year: 1996
==================================================

[Wayback Historical] Sweeping domain for 1996...
    ⚠ CDX API timeout/error on attempt 1: HTTPSConnectionPool(host='web.archive.org', port=443): Read timed out. (read timeout=60)

    ✗ No programme data found for 1996

==================================================
  Processing year: 1997
==================================================

[Wayback Historical] Sweeping domain for 1997...
    ✓ Found 20 candidate historical pages
    [1/20] Fetching historical ...
    [2/20] Fetching historical academy.htm...
    [3/20] Fetching historical around.htm...
    [4/20] Fetching historical brochure.htm...
    [5/20] Fetching historical comments.htm...
    [6/20] Fetching historical chfest.htm...
    [7/20] Fetching historical chfestad.htm...
    [8/20] Fetching historical friends.htm...
    [9/20] Fetching historical gianadda.htm...
    [10/20] Fetching historical hotels.htm...
    [11/20] Fetching historical news.htm...
    [12/20] Fetching historical order.htm...
    [13/20] Fetching historical ordertix.htm...
    [14/20] Fetching historical pressrel.htm...
    [15/20] Fetching historical sponsors.htm...
    [16/20] Fetching historical tcorner.htm...
    [17/20] Fetching historical travel.htm...
    [18/20] Fetching historical mainfram.htm...
    [19/20] Fetching historical ...
    [20/20] Fetching historical sign.htm...
    Historical sweep: 8 concerts found

    → Saved 8 concerts to /Volumes/EMPLUS-Students/CDS 2026/Project Space/Verbier/inventory/programme_data/1997_programme.json

==================================================
  Processing year: 1998
==================================================

[Wayback Historical] Sweeping domain for 1998...

    ✗ No programme data found for 1998

==================================================
  Processing year: 1999
==================================================

[Wayback Historical] Sweeping domain for 1999...

    ✗ No programme data found for 1999

==================================================
  Processing year: 2000
==================================================

[Wayback Historical] Sweeping domain for 2000...
    ✓ Found 96 candidate historical pages
    [1/96] Fetching historical ...
    [2/96] Fetching historical academy.htm...
    [3/96] Fetching historical delmonaco.htm...
    [4/96] Fetching historical pares.htm...
    [5/96] Fetching historical nowcgi.cgi?...
    [6/96] Fetching historical 010899.htm...
    [7/96] Fetching historical 010899b.htm...
    [8/96] Fetching historical 160799.htm...
    [9/96] Fetching historical 170799a.htm...
    [10/96] Fetching historical 180799a.htm...
    [11/96] Fetching historical 180799b.htm...
    [12/96] Fetching historical 190799a.htm...
    [13/96] Fetching historical 190799b.htm...
    [14/96] Fetching historical 200799a.htm...
    [15/96] Fetching historical 200799b.htm...
    [16/96] Fetching historical 210799a.htm...
    [17/96] Fetching historical 210799b.htm...
    [18/96] Fetching historical 220799a.htm...
    [19/96] Fetching historical 220799b.htm...
    [20/96] Fetching historical 230799a.htm...
    [21/96] Fetching historical 230799b.htm...
    [22/96] Fetching historical 240799a.htm...
    [23/96] Fetching historical 240799b.htm...
    [24/96] Fetching historical 250799a.htm...
    [25/96] Fetching historical 250799b.htm...
    [26/96] Fetching historical 260799a.htm...
    [27/96] Fetching historical 260799b.htm...
    [28/96] Fetching historical 270799a.htm...
    [29/96] Fetching historical 270799b.htm...
    [30/96] Fetching historical 280799a.htm...
    [31/96] Fetching historical 280799b.htm...
    [32/96] Fetching historical 280799d.htm...
    [33/96] Fetching historical 290799a.htm...
    [34/96] Fetching historical 290799b.htm...
    [35/96] Fetching historical 300799a.htm...
    [36/96] Fetching historical 300799b.htm...
    [37/96] Fetching historical 310799a.htm...
    [38/96] Fetching historical 310799b.htm...
    [39/96] Fetching historical academy.htm...
    [40/96] Fetching historical Amsellem.htm...
    [41/96] Fetching historical Andsnes.htm...
    [42/96] Fetching historical applet.htm...
    [43/96] Fetching historical Argerich.htm...
    [44/96] Fetching historical Bashkirov.htm...
    [45/96] Fetching historical BashmetX.htm...
    [46/96] Fetching historical BashmetY.htm...
    [47/96] Fetching historical Berezovsky.htm...
    [48/96] Fetching historical Bronfman.htm...
    [49/96] Fetching historical Chorli.htm...
    [50/96] Fetching historical Cusack.htm...
    [51/96] Fetching historical Edelman.htm...
    [52/96] Fetching historical Festpass.htm...
    [53/96] Fetching historical Fleisher.htm...
    [54/96] Fetching historical Fontaine.htm...
    [55/96] Fetching historical Gafner.htm...
    [56/96] Fetching historical GenzC.htm...
    [57/96] Fetching historical GenzS.htm...
    [58/96] Fetching historical Graffman.htm...
    [59/96] Fetching historical Gridchuk.htm...
    [60/96] Fetching historical Gringolts.htm...
    [61/96] Fetching historical Hahn.htm...
    [62/96] Fetching historical Helmerson.htm...
    [63/96] Fetching historical Hendricks.htm...
    [64/96] Fetching historical Hoffman.htm...
    [65/96] Fetching historical Huang.htm...
    [66/96] Fetching historical Irons.htm...
    [67/96] Fetching historical Kim.htm...
    [68/96] Fetching historical Kissin.htm...
    [69/96] Fetching historical Lakatos.htm...
    [70/96] Fetching historical Lemper.htm...
    [71/96] Fetching historical Levine.htm...
    [72/96] Fetching historical LRB.htm...
    [73/96] Fetching historical Marriner.htm...
    [74/96] Fetching historical Martin.htm...
    [75/96] Fetching historical Melnikov.htm...
    [76/96] Fetching historical menu.htm...
    [77/96] Fetching historical Mork.htm...
    [78/96] Fetching historical Nagano.htm...
    [79/96] Fetching historical Neubauer.htm...
    [80/96] Fetching historical OSCIM.htm...
    [81/96] Fetching historical Ovcharov.htm...
    [82/96] Fetching historical Repin.htm...
    [83/96] Fetching historical Sollscher.htm...
    [84/96] Fetching historical Sudbin.htm...
    [85/96] Fetching historical Troussov.htm...
    [86/96] Fetching historical Troussova.htm...
    [87/96] Fetching historical Ustinov.htm...
    [88/96] Fetching historical Vignoles.htm...
    [89/96] Fetching historical Volodos.htm...
    [90/96] Fetching historical Weekpass.htm...
    [91/96] Fetching historical ?mode=cgi...
    [92/96] Fetching historical ?mode=simple...
    [93/96] Fetching historical friends.htm...
    [94/96] Fetching historical hotels.htm...
    [95/96] Fetching historical index.htm...
    [96/96] Fetching historical travel.htm...
    Historical sweep: 7 concerts found

    → Saved 7 concerts to /Volumes/EMPLUS-Students/CDS 2026/Project Space/Verbier/inventory/programme_data/2000_programme.json

==================================================
  Processing year: 2001
==================================================

[Wayback Historical] Sweeping domain for 2001...
    ✓ Found 45 candidate historical pages
    [1/45] Fetching historical ...
    [2/45] Fetching historical addition.html...
    [3/45] Fetching historical nowcgi.cgi...
    [4/45] Fetching historical addition.html...
    [5/45] Fetching historical index.html...
    [6/45] Fetching historical page2.htm...
    [7/45] Fetching historical benefits_uk.html...
    [8/45] Fetching historical benefits_usa.html...
    [9/45] Fetching historical contact.html...
    [10/45] Fetching historical form_uk.html...
    [11/45] Fetching historical form_usa.html...
    [12/45] Fetching historical join.html...
    [13/45] Fetching historical sponsors.html...
    [14/45] Fetching historical home.html...
    [15/45] Fetching historical index.html...
    [16/45] Fetching historical index.html...
    [17/45] Fetching historical aug1.html...
    [18/45] Fetching historical aug2.html...
    [19/45] Fetching historical aug3.html...
    [20/45] Fetching historical aug4.html...
    [21/45] Fetching historical aug5.html...
    [22/45] Fetching historical festival.html...
    [23/45] Fetching historical index.html...
    [24/45] Fetching historical july26.html...
    [25/45] Fetching historical july28.html...
    [26/45] Fetching historical july29.html...
    [27/45] Fetching historical july31.html...
    [28/45] Fetching historical page2.htm...
    [29/45] Fetching historical video_clip.html...
    [30/45] Fetching historical benefits_swiss.html...
    [31/45] Fetching historical benefits_uk.html...
    [32/45] Fetching historical benefits_usa.html...
    [33/45] Fetching historical contact.html...
    [34/45] Fetching historical form_swiss.html...
    [35/45] Fetching historical form_usa.html...
    [36/45] Fetching historical join.html...
    [37/45] Fetching historical sponsors.html...
    [38/45] Fetching historical home.html...
    [39/45] Fetching historical index.htm...
    [40/45] Fetching historical index.html...
    [41/45] Fetching historical index.html...
    [42/45] Fetching historical agencies.html...
    [43/45] Fetching historical hotel.html...
    [44/45] Fetching historical index.html...
    [45/45] Fetching historical venue.html...
    Historical sweep: 22 concerts found

    → Saved 22 concerts to /Volumes/EMPLUS-Students/CDS 2026/Project Space/Verbier/inventory/programme_data/2001_programme.json

==================================================
  Processing year: 2002
==================================================

[Wayback Historical] Sweeping domain for 2002...
    ✓ Found 44 candidate historical pages
    [1/44] Fetching historical ...
    [2/44] Fetching historical appprocess.htm...
    [3/44] Fetching historical bios.htm...
    [4/44] Fetching historical intro.htm...
    [5/44] Fetching historical mclass.htm...
    [6/44] Fetching historical index_travel.html...
    [7/44] Fetching historical nowcgi.cgi?mode=simple...
    [8/44] Fetching historical contact.htm...
    [9/44] Fetching historical form_swiss.html...
    [10/44] Fetching historical form_uk.html...
    [11/44] Fetching historical form_usa.html...
    [12/44] Fetching historical join.htm...
    [13/44] Fetching historical sponsors.htm...
    [14/44] Fetching historical index.htm...
    [15/44] Fetching historical index.html...
    [16/44] Fetching historical ...
    [17/44] Fetching historical 03_01_02_pr.htm...
    [18/44] Fetching historical londontimes.htm...
    [19/44] Fetching historical newyorktimes.htm...
    [20/44] Fetching historical vogue.htm...
    [21/44] Fetching historical wallstreet.htm...
    [22/44] Fetching historical 07_19.htm...
    [23/44] Fetching historical 07_20.htm...
    [24/44] Fetching historical 07_21.htm...
    [25/44] Fetching historical 07_22.htm...
    [26/44] Fetching historical 07_23.htm...
    [27/44] Fetching historical 07_24.htm...
    [28/44] Fetching historical 07_25.htm...
    [29/44] Fetching historical 07_26.htm...
    [30/44] Fetching historical 07_27.htm...
    [31/44] Fetching historical 07_28.htm...
    [32/44] Fetching historical 07_29.htm...
    [33/44] Fetching historical 07_30.htm...
    [34/44] Fetching historical 07_31.htm...
    [35/44] Fetching historical 08_01.htm...
    [36/44] Fetching historical 08_02.htm...
    [37/44] Fetching historical 08_03.htm...
    [38/44] Fetching historical calendar.htm...
    [39/44] Fetching historical calendar_artist.htm...
    [40/44] Fetching historical festival_around.htm...
    [41/44] Fetching historical festival_pass.htm...
    [42/44] Fetching historical agencies.html...
    [43/44] Fetching historical hotel.html...
    [44/44] Fetching historical venue.html...
    Historical sweep: 30 concerts found

    → Saved 30 concerts to /Volumes/EMPLUS-Students/CDS 2026/Project Space/Verbier/inventory/programme_data/2002_programme.json

==================================================
  Processing year: 2003
==================================================

[Wayback Historical] Sweeping domain for 2003...
    ✓ Found 37 candidate historical pages
    [1/37] Fetching historical ...
    [2/37] Fetching historical appform.htm...
    [3/37] Fetching historical appprocess.htm...
    [4/37] Fetching historical bios.htm...
    [5/37] Fetching historical intro.htm...
    [6/37] Fetching historical mclass.htm...
    [7/37] Fetching historical printable_form.htm...
    [8/37] Fetching historical index_travel.html...
    [9/37] Fetching historical benefits_swiss.html...
    [10/37] Fetching historical benefits_uk.html...
    [11/37] Fetching historical benefits_usa.html...
    [12/37] Fetching historical contact.htm...
    [13/37] Fetching historical form_swiss.html...
    [14/37] Fetching historical form_uk.html...
    [15/37] Fetching historical form_usa.html...
    [16/37] Fetching historical join.htm...
    [17/37] Fetching historical sponsors.htm...
    [18/37] Fetching historical index.htm...
    [19/37] Fetching historical index.html...
    [20/37] Fetching historical ...
    [21/37] Fetching historical 03_01_02_pr.htm...
    [22/37] Fetching historical 04_08_02_pr.htm...
    [23/37] Fetching historical Die%20Welt%202002.htm...
    [24/37] Fetching historical Financial%20Times%202002.htm...
    [25/37] Fetching historical index.htm...
    [26/37] Fetching historical L'Express%202002.htm...
    [27/37] Fetching historical Le%20Soir%202002.htm...
    [28/37] Fetching historical londontimes.htm...
    [29/37] Fetching historical newyorktimes.htm...
    [30/37] Fetching historical vogue.htm...
    [31/37] Fetching historical wallstreet.htm...
    [32/37] Fetching historical 07_19.htm...
    [33/37] Fetching historical brochure.htm...
    [34/37] Fetching historical cunextyear.htm...
    [35/37] Fetching historical agencies.html...
    [36/37] Fetching historical hotel.html...
    [37/37] Fetching historical venue.html...
    Historical sweep: 21 concerts found

    → Saved 21 concerts to /Volumes/EMPLUS-Students/CDS 2026/Project Space/Verbier/inventory/programme_data/2003_programme.json

==================================================
  Processing year: 2004
==================================================

[Wayback Historical] Sweeping domain for 2004...
    ✓ Found 308 candidate historical pages
    [1/308] Fetching historical ...
    [2/308] Fetching historical appform.htm...
    [3/308] Fetching historical fr_academyappform.htm...
    [4/308] Fetching historical mclass.htm...
    [5/308] Fetching historical brochure.htm...
    [6/308] Fetching historical 01_03_03_g_pr.htm...
    [7/308] Fetching historical 03_01_02_pr.htm...
    [8/308] Fetching historical Die%20Welt%202003.htm...
    [9/308] Fetching historical english1.pdf...
    [10/308] Fetching historical english2.pdf...
    [11/308] Fetching historical french1.pdf...
    [12/308] Fetching historical french2.pdf...
    [13/308] Fetching historical german2.pdf...
    [14/308] Fetching historical Le%20Soir%202003.htm...
    [15/308] Fetching historical London%20Times%202003.htm...
    [16/308] Fetching historical form_swiss.htm...
    [17/308] Fetching historical form_uk.htm...
    [18/308] Fetching historical form_usa.htm...
    [19/308] Fetching historical fr_brochure.htm...
    [20/308] Fetching historical Page%201A.pdf...
    [21/308] Fetching historical UBSVFYO%20Mountains.JPG...
    [22/308] Fetching historical index.htm...
    [23/308] Fetching historical ...
    [24/308] Fetching historical pr_italian_2004.htm...
    [25/308] Fetching historical pressaccred.htm...
    [26/308] Fetching historical presshousing.htm...
    [27/308] Fetching historical 07_29.htm...
    [28/308] Fetching historical 07_30.htm...
    [29/308] Fetching historical plan.htm...
    [30/308] Fetching historical agora.cgi...
    [31/308] Fetching historical agora.cgi?cart_id=&page=fr_ind...
    [32/308] Fetching historical agora.cgi?cart_id=&page=bios.h...
    [33/308] Fetching historical agora.cgi?cart_id=1431159.3033...
    [34/308] Fetching historical agora.cgi?cart_id=1431159.3033...
    [35/308] Fetching historical agora.cgi?cart_id=1431159.3033...
    [36/308] Fetching historical agora.cgi?cart_id=1431159.3033...
    [37/308] Fetching historical agora.cgi?cart_id=1431159.3033...
    [38/308] Fetching historical agora.cgi?cart_id=1431159.3033...
    [39/308] Fetching historical agora.cgi?cart_id=1431159.3033...
    [40/308] Fetching historical agora.cgi?cart_id=1431159.3033...
    [41/308] Fetching historical agora.cgi?cart_id=1431159.3033...
    [42/308] Fetching historical agora.cgi?cart_id=1431159.3033...
    [43/308] Fetching historical agora.cgi?cart_id=1431159.3033...
    [44/308] Fetching historical agora.cgi?cart_id=1431159.3033...
    [45/308] Fetching historical agora.cgi?cart_id=1431159.3033...
    [46/308] Fetching historical agora.cgi?cart_id=1431159.3033...
    [47/308] Fetching historical agora.cgi?cart_id=1431159.3033...
    [48/308] Fetching historical agora.cgi?cart_id=1431159.3033...
    [49/308] Fetching historical agora.cgi?cart_id=1431159.3033...
    [50/308] Fetching historical agora.cgi?cart_id=2774598.2405...
    [51/308] Fetching historical agora.cgi?cart_id=2774598.2405...
    [52/308] Fetching historical agora.cgi?cart_id=2774598.2405...
    [53/308] Fetching historical agora.cgi?cart_id=2774598.2405...
    [54/308] Fetching historical agora.cgi?cart_id=2774598.2405...
    [55/308] Fetching historical agora.cgi?cart_id=2774598.2405...
    [56/308] Fetching historical agora.cgi?cart_id=2774598.2405...
    [57/308] Fetching historical agora.cgi?cart_id=2774598.2405...
    [58/308] Fetching historical agora.cgi?cart_id=2774598.2405...
    [59/308] Fetching historical agora.cgi?cart_id=2774598.2405...
    [60/308] Fetching historical agora.cgi?cart_id=2774598.2405...
    [61/308] Fetching historical agora.cgi?cart_id=2774598.2405...
    [62/308] Fetching historical agora.cgi?cart_id=2774598.2405...
    [63/308] Fetching historical agora.cgi?cart_id=2774598.2405...
    [64/308] Fetching historical agora.cgi?cart_id=2774598.2405...
    [65/308] Fetching historical agora.cgi?cart_id=2774598.2405...
    [66/308] Fetching historical agora.cgi?cart_id=2774598.2405...
    [67/308] Fetching historical agora.cgi?cart_id=4973176.3199...
    [68/308] Fetching historical agora.cgi?cart_id=4973176.3199...
    [69/308] Fetching historical agora.cgi?cart_id=4973176.3199...
    [70/308] Fetching historical agora.cgi?cart_id=5516635.1416...
    [71/308] Fetching historical agora.cgi?cart_id=5516635.1416...
    [72/308] Fetching historical agora.cgi?cart_id=5516635.1416...
    [73/308] Fetching historical agora.cgi?cart_id=5516635.1416...
    [74/308] Fetching historical agora.cgi?cart_id=5516635.1416...
    [75/308] Fetching historical agora.cgi?cart_id=5516635.1416...
    [76/308] Fetching historical agora.cgi?cart_id=5516635.1416...
    [77/308] Fetching historical agora.cgi?cart_id=5516635.1416...
    [78/308] Fetching historical agora.cgi?cart_id=5516635.1416...
    [79/308] Fetching historical agora.cgi?cart_id=5516635.1416...
    [80/308] Fetching historical agora.cgi?cart_id=5516635.1416...
    [81/308] Fetching historical agora.cgi?cart_id=5516635.1416...
    [82/308] Fetching historical agora.cgi?cart_id=5516635.1416...
    [83/308] Fetching historical agora.cgi?cart_id=5516635.1416...
    [84/308] Fetching historical agora.cgi?cart_id=5516635.1416...
    [85/308] Fetching historical agora.cgi?cart_id=5516635.1416...
    [86/308] Fetching historical agora.cgi?cart_id=5516635.1416...
    [87/308] Fetching historical agora.cgi?cart_id=5516635.1416...
    [88/308] Fetching historical agora.cgi?cart_id=5516635.1416...
    [89/308] Fetching historical agora.cgi?cart_id=5516635.1416...
    [90/308] Fetching historical agora.cgi?cart_id=5516635.1416...
    [91/308] Fetching historical agora.cgi?cart_id=5516635.1416...
    [92/308] Fetching historical agora.cgi?cart_id=5516635.1416...
    [93/308] Fetching historical agora.cgi?cart_id=5516635.1416...
    [94/308] Fetching historical agora.cgi?cart_id=5516635.1416...
    [95/308] Fetching historical agora.cgi?cart_id=5516635.1416...
    [96/308] Fetching historical agora.cgi?cart_id=5516635.1416...
    [97/308] Fetching historical agora.cgi?cart_id=5516635.1416...
    [98/308] Fetching historical agora.cgi?cart_id=5516635.1416...
    [99/308] Fetching historical agora.cgi?cart_id=5516635.1416...
    [100/308] Fetching historical agora.cgi?cart_id=5516635.1416...
    [101/308] Fetching historical agora.cgi?cart_id=5516635.1416...
    [102/308] Fetching historical agora.cgi?cart_id=5516635.1416...
    [103/308] Fetching historical agora.cgi?cart_id=5516635.1416...
    [104/308] Fetching historical agora.cgi?cart_id=5516635.1416...
    [105/308] Fetching historical agora.cgi?cart_id=5516635.1416...
    [106/308] Fetching historical agora.cgi?cart_id=5516635.1416...
    [107/308] Fetching historical agora.cgi?cart_id=5516635.1416...
    [108/308] Fetching historical agora.cgi?cart_id=5516635.1416...
    [109/308] Fetching historical agora.cgi?cart_id=5516635.1416...
    [110/308] Fetching historical agora.cgi?cart_id=5516635.1416...
    [111/308] Fetching historical agora.cgi?cart_id=5516635.1416...
    [112/308] Fetching historical agora.cgi?cart_id=5516635.1416...
    [113/308] Fetching historical agora.cgi?cart_id=5516635.1416...
    [114/308] Fetching historical agora.cgi?cart_id=5516635.1416...
    [115/308] Fetching historical agora.cgi?cart_id=5516635.1416...
    [116/308] Fetching historical agora.cgi?cart_id=5516635.1416...
    [117/308] Fetching historical agora.cgi?cart_id=5516635.1416...
    [118/308] Fetching historical agora.cgi?cart_id=5516635.1416...
    [119/308] Fetching historical agora.cgi?cart_id=5516635.1416...
    [120/308] Fetching historical agora.cgi?cart_id=5516635.1416...
    [121/308] Fetching historical agora.cgi?cart_id=5516635.1416...
    [122/308] Fetching historical agora.cgi?cart_id=5516635.1416...
    [123/308] Fetching historical agora.cgi?cart_id=5516635.1416...
    [124/308] Fetching historical agora.cgi?cart_id=5516635.1416...
    [125/308] Fetching historical agora.cgi?cart_id=5516635.1416...
    [126/308] Fetching historical agora.cgi?cart_id=5516635.1416...
    [127/308] Fetching historical agora.cgi?cart_id=5516635.1416...
    [128/308] Fetching historical agora.cgi?cart_id=5516635.1416...
    [129/308] Fetching historical agora.cgi?cart_id=5516635.1416...
    [130/308] Fetching historical agora.cgi?cart_id=5516635.1416...
    [131/308] Fetching historical agora.cgi?cart_id=5516635.1416...
    [132/308] Fetching historical agora.cgi?cart_id=5516635.1416...
    [133/308] Fetching historical agora.cgi?cart_id=5516635.1416...
    [134/308] Fetching historical agora.cgi?cart_id=5516635.1416...
    [135/308] Fetching historical agora.cgi?cart_id=5516635.1416...
    [136/308] Fetching historical agora.cgi?cart_id=5516635.1416...
    [137/308] Fetching historical agora.cgi?cart_id=5516635.1416...
    [138/308] Fetching historical agora.cgi?cart_id=5516635.1416...
    [139/308] Fetching historical agora.cgi?cart_id=5516635.1416...
    [140/308] Fetching historical agora.cgi?cart_id=5516635.1416...
    [141/308] Fetching historical agora.cgi?cart_id=5516635.1416...
    [142/308] Fetching historical agora.cgi?cart_id=5516635.1416...
    [143/308] Fetching historical agora.cgi?cart_id=5516635.1416...
    [144/308] Fetching historical agora.cgi?cart_id=5516635.1416...
    [145/308] Fetching historical agora.cgi?cart_id=5516635.1416...
    [146/308] Fetching historical agora.cgi?cart_id=5516635.1416...
    [147/308] Fetching historical agora.cgi?cart_id=5516635.1416...
    [148/308] Fetching historical agora.cgi?cart_id=5516635.1416...
    [149/308] Fetching historical agora.cgi?cart_id=5516635.1416...
    [150/308] Fetching historical agora.cgi?cart_id=5516635.1416...
    [151/308] Fetching historical agora.cgi?cart_id=5516635.1416...
    [152/308] Fetching historical agora.cgi?cart_id=5516635.1416...
    [153/308] Fetching historical agora.cgi?cart_id=5516635.1416...
    [154/308] Fetching historical agora.cgi?cart_id=5516635.1416...
    [155/308] Fetching historical agora.cgi?cart_id=5516635.1416...
    [156/308] Fetching historical agora.cgi?cart_id=5516635.1416...
    [157/308] Fetching historical agora.cgi?cart_id=5615868.2065...
    [158/308] Fetching historical agora.cgi?cart_id=5615868.2065...
    [159/308] Fetching historical agora.cgi?cart_id=5615868.2065...
    [160/308] Fetching historical agora.cgi?cart_id=5615868.2065...
    [161/308] Fetching historical agora.cgi?cart_id=5615868.2065...
    [162/308] Fetching historical agora.cgi?cart_id=5615868.2065...
    [163/308] Fetching historical agora.cgi?cart_id=5615868.2065...
    [164/308] Fetching historical agora.cgi?cart_id=5615868.2065...
    [165/308] Fetching historical agora.cgi?cart_id=5615868.2065...
    [166/308] Fetching historical agora.cgi?cart_id=5615868.2065...
    [167/308] Fetching historical agora.cgi?cart_id=5615868.2065...
    [168/308] Fetching historical agora.cgi?cart_id=5615868.2065...
    [169/308] Fetching historical agora.cgi?cart_id=5615868.2065...
    [170/308] Fetching historical agora.cgi?cart_id=5615868.2065...
    [171/308] Fetching historical agora.cgi?cart_id=5615868.2065...
    [172/308] Fetching historical agora.cgi?cart_id=5615868.2065...
    [173/308] Fetching historical agora.cgi?cart_id=5615868.2065...
    [174/308] Fetching historical agora.cgi?cart_id=5615868.2065...
    [175/308] Fetching historical agora.cgi?cart_id=5615868.2065...
    [176/308] Fetching historical agora.cgi?cart_id=5615868.2065...
    [177/308] Fetching historical agora.cgi?cart_id=5615868.2065...
    [178/308] Fetching historical agora.cgi?cart_id=5615868.2065...
    [179/308] Fetching historical agora.cgi?cart_id=5615868.2065...
    [180/308] Fetching historical agora.cgi?cart_id=5615868.2065...
    [181/308] Fetching historical agora.cgi?cart_id=5615868.2065...
    [182/308] Fetching historical agora.cgi?cart_id=5615868.2065...
    [183/308] Fetching historical agora.cgi?cart_id=5615868.2065...
    [184/308] Fetching historical agora.cgi?cart_id=5615868.2065...
    [185/308] Fetching historical agora.cgi?cart_id=5615868.2065...
    [186/308] Fetching historical agora.cgi?cart_id=5615868.2065...
    [187/308] Fetching historical agora.cgi?cart_id=5615868.2065...
    [188/308] Fetching historical agora.cgi?cart_id=5615868.2065...
    [189/308] Fetching historical agora.cgi?cart_id=5615868.2065...
    [190/308] Fetching historical agora.cgi?cart_id=5615868.2065...
    [191/308] Fetching historical agora.cgi?cart_id=5615868.2065...
    [192/308] Fetching historical agora.cgi?cart_id=5615868.2065...
    [193/308] Fetching historical agora.cgi?cart_id=5615868.2065...
    [194/308] Fetching historical agora.cgi?cart_id=5615868.2065...
    [195/308] Fetching historical agora.cgi?cart_id=5615868.2065...
    [196/308] Fetching historical agora.cgi?cart_id=5615868.2065...
    [197/308] Fetching historical agora.cgi?cart_id=5615868.2065...
    [198/308] Fetching historical agora.cgi?cart_id=5615868.2065...
    [199/308] Fetching historical agora.cgi?cart_id=5615868.2065...
    [200/308] Fetching historical agora.cgi?cart_id=5615868.2065...
    Historical sweep: 178 concerts found

    → Saved 178 concerts to /Volumes/EMPLUS-Students/CDS 2026/Project Space/Verbier/inventory/programme_data/2004_programme.json

==================================================
  Processing year: 2005
==================================================

[Wayback Historical] Sweeping domain for 2005...
    ✓ Found 12 candidate historical pages
    [1/12] Fetching historical ...
    [2/12] Fetching historical bendeck.html...
    [3/12] Fetching historical dvd.html...
    [4/12] Fetching historical friends.html...
    [5/12] Fetching historical home.html...
    [6/12] Fetching historical overview.html...
    [7/12] Fetching historical tickets.html...
    [8/12] Fetching historical venues.html...
    [9/12] Fetching historical contact.html...
    [10/12] Fetching historical press.html...
    [11/12] Fetching historical agora.cgi...
    [12/12] Fetching historical agora.cgi?cart_id=2885179.2283...
    Historical sweep: 8 concerts found

    → Saved 8 concerts to /Volumes/EMPLUS-Students/CDS 2026/Project Space/Verbier/inventory/programme_data/2005_programme.json

==================================================
  Processing year: 2006
==================================================

[Wayback Historical] Sweeping domain for 2006...
    ✓ Found 61 candidate historical pages
    [1/61] Fetching historical ...
    [2/61] Fetching historical index.html...
    [3/61] Fetching historical boris_kuschnir.html...
    [4/61] Fetching historical frans_helmerson.html...
    [5/61] Fetching historical gabor_takacsnagy.html...
    [6/61] Fetching historical jose_vandam.html...
    [7/61] Fetching historical menahem_pressler.html...
    [8/61] Fetching historical nobuko_imai.html...
    [9/61] Fetching historical pamela_frank.html...
    [10/61] Fetching historical ralph_kirshbaum.html...
    [11/61] Fetching historical roberto_diaz.html...
    [12/61] Fetching historical thomas_quasthoff.html...
    [13/61] Fetching historical entropysearch.cgi...
    [14/61] Fetching historical FestOff.pdf...
    [15/61] Fetching historical Amis_CH.pdf...
    [16/61] Fetching historical Amis_GB.pdf...
    [17/61] Fetching historical Amis_US.pdf...
    [18/61] Fetching historical daily.pdf...
    [19/61] Fetching historical journal.pdf...
    [20/61] Fetching historical pressE.pdf...
    [21/61] Fetching historical pressKIM.pdf...
    [22/61] Fetching historical calendrier.pdf...
    [23/61] Fetching historical changement.pdf...
    [24/61] Fetching historical Verbier_Festival2006.pdf...
    [25/61] Fetching historical index.htm...
    [26/61] Fetching historical ...
    [27/61] Fetching historical home.swf...
    [28/61] Fetching historical members_en.php...
    [29/61] Fetching historical academy.html...
    [30/61] Fetching historical brochure.html...
    [31/61] Fetching historical chamber.html...
    [32/61] Fetching historical events.html...
    [33/61] Fetching historical festoff.html...
    [34/61] Fetching historical friends.html...
    [35/61] Fetching historical home.html...
    [36/61] Fetching historical info.html...
    [37/61] Fetching historical sponsors.html...
    [38/61] Fetching historical aboutus.html...
    [39/61] Fetching historical academy.html...
    [40/61] Fetching historical academyclass.html...
    [41/61] Fetching historical accommodation.html...
    [42/61] Fetching historical brochure.html...
    [43/61] Fetching historical chamber.html...
    [44/61] Fetching historical contact.html...
    [45/61] Fetching historical contribution.html...
    [46/61] Fetching historical discovery.html...
    [47/61] Fetching historical events.html...
    [48/61] Fetching historical festoff.html...
    [49/61] Fetching historical festoffapply.html...
    [50/61] Fetching historical foundation.html...
    [51/61] Fetching historical friends.html...
    [52/61] Fetching historical friendsboard.html...
    [53/61] Fetching historical getting.html...
    [54/61] Fetching historical home.html...
    [55/61] Fetching historical info.html...
    [56/61] Fetching historical jobs.html...
    [57/61] Fetching historical press.html...
    [58/61] Fetching historical sponsors.html...
    [59/61] Fetching historical brochure.html...
    [60/61] Fetching historical home.html...
    [61/61] Fetching historical favicon.ico...
    Historical sweep: 23 concerts found

    → Saved 23 concerts to /Volumes/EMPLUS-Students/CDS 2026/Project Space/Verbier/inventory/programme_data/2006_programme.json

==================================================
  Processing year: 2007
==================================================

[Wayback Historical] Sweeping domain for 2007...
    ✓ Found 194 candidate historical pages
    [1/194] Fetching historical ...
    [2/194] Fetching historical verbier.html...
    [3/194] Fetching historical ...
    [4/194] Fetching historical verbier_amateur_2007_de.html...
    [5/194] Fetching historical verbier_amateur_2007_eng.html...
    [6/194] Fetching historical verbier_amateur_2007_fr.html...
    [7/194] Fetching historical favicon.ico...
    [8/194] Fetching historical index.php?page=010807_de...
    [9/194] Fetching historical index.php?page=010807_en...
    [10/194] Fetching historical index.php?page=010807_fr...
    [11/194] Fetching historical index.php?page=020807_de...
    [12/194] Fetching historical index.php?page=020807_en...
    [13/194] Fetching historical index.php?page=020807_fr...
    [14/194] Fetching historical index.php?page=030807_en...
    [15/194] Fetching historical index.php?page=030807_fr...
    [16/194] Fetching historical index.php?page=040807_de...
    [17/194] Fetching historical index.php?page=040807_en...
    [18/194] Fetching historical index.php?page=040807_fr...
    [19/194] Fetching historical index.php?page=050807_de...
    [20/194] Fetching historical index.php?page=050807_en...
    [21/194] Fetching historical index.php?page=050807_fr...
    [22/194] Fetching historical index.php?page=200707_en...
    [23/194] Fetching historical index.php?page=200707_fr...
    [24/194] Fetching historical index.php?page=210707_en...
    [25/194] Fetching historical index.php?page=210707_fr...
    [26/194] Fetching historical index.php?page=220707_en...
    [27/194] Fetching historical index.php?page=220707_fr...
    [28/194] Fetching historical index.php?page=230707_de...
    [29/194] Fetching historical index.php?page=230707_en...
    [30/194] Fetching historical index.php?page=230707_fr...
    [31/194] Fetching historical index.php?page=240707_en...
    [32/194] Fetching historical index.php?page=240707_fr...
    [33/194] Fetching historical index.php?page=250707_en...
    [34/194] Fetching historical index.php?page=250707_fr...
    [35/194] Fetching historical index.php?page=260707_de...
    [36/194] Fetching historical index.php?page=260707_en...
    [37/194] Fetching historical index.php?page=260707_fr...
    [38/194] Fetching historical index.php?page=270707_de...
    [39/194] Fetching historical index.php?page=270707_en...
    [40/194] Fetching historical index.php?page=270707_fr...
    [41/194] Fetching historical index.php?page=280707_de...
    [42/194] Fetching historical index.php?page=280707_en...
    [43/194] Fetching historical index.php?page=280707_fr...
    [44/194] Fetching historical index.php?page=290707_de...
    [45/194] Fetching historical index.php?page=290707_en...
    [46/194] Fetching historical index.php?page=290707_fr...
    [47/194] Fetching historical index.php?page=300707_de...
    [48/194] Fetching historical index.php?page=300707_en...
    [49/194] Fetching historical index.php?page=300707_fr...
    [50/194] Fetching historical index.php?page=310707_en...
    [51/194] Fetching historical index.php?page=310707_fr...
    [52/194] Fetching historical index.php?page=about_de...
    [53/194] Fetching historical index.php?page=about_en...
    [54/194] Fetching historical index.php?page=about_fr...
    [55/194] Fetching historical index.php?page=academy_en...
    [56/194] Fetching historical index.php?page=academy_fr...
    [57/194] Fetching historical index.php?page=academy_sel_de...
    [58/194] Fetching historical index.php?page=academy_sel_en...
    [59/194] Fetching historical index.php?page=accommodation_d...
    [60/194] Fetching historical index.php?page=acmw_de...
    [61/194] Fetching historical index.php?page=acmw_en...
    [62/194] Fetching historical index.php?page=acmw_fr...
    [63/194] Fetching historical index.php?page=acmw_participan...
    [64/194] Fetching historical index.php?page=acmw_participan...
    [65/194] Fetching historical index.php?page=argerich...
    [66/194] Fetching historical index.php?page=aviv...
    [67/194] Fetching historical index.php?page=bashkirova...
    [68/194] Fetching historical index.php?page=bashmet...
    [69/194] Fetching historical index.php?page=bass...
    [70/194] Fetching historical index.php?page=bell...
    [71/194] Fetching historical index.php?page=capucon...
    [72/194] Fetching historical index.php?page=chang...
    [73/194] Fetching historical index.php?page=collegiate...
    [74/194] Fetching historical index.php?page=collins...
    [75/194] Fetching historical index.php?page=contact_de...
    [76/194] Fetching historical index.php?page=contact_en...
    [77/194] Fetching historical index.php?page=contact_fr...
    [78/194] Fetching historical index.php?page=davis...
    [79/194] Fetching historical index.php?page=discovery_de...
    [80/194] Fetching historical index.php?page=discovery_en...
    [81/194] Fetching historical index.php?page=discovery_fr...
    [82/194] Fetching historical index.php?page=eichenholz...
    [83/194] Fetching historical index.php?page=festoff_en...
    [84/194] Fetching historical index.php?page=festoff_fr...
    [85/194] Fetching historical index.php?page=foundation_de...
    [86/194] Fetching historical index.php?page=foundation_en...
    [87/194] Fetching historical index.php?page=foundation_fr...
    [88/194] Fetching historical index.php?page=freire...
    [89/194] Fetching historical index.php?page=friends_en...
    [90/194] Fetching historical index.php?page=friends_fr...
    [91/194] Fetching historical index.php?page=gabetta...
    [92/194] Fetching historical index.php?page=gallardo...
    [93/194] Fetching historical index.php?page=getting_de...
    [94/194] Fetching historical index.php?page=grimaud...
    [95/194] Fetching historical index.php?page=home_de...
    [96/194] Fetching historical index.php?page=home_en...
    [97/194] Fetching historical index.php?page=home_fr...
    [98/194] Fetching historical index.php?page=honeck...
    [99/194] Fetching historical index.php?page=igudesmanjoo...
    [100/194] Fetching historical index.php?page=imai...
    [101/194] Fetching historical index.php?page=imbrailo...
    [102/194] Fetching historical index.php?page=ishizaka...
    [103/194] Fetching historical index.php?page=israelievitch...
    [104/194] Fetching historical index.php?page=isserlis...
    [105/194] Fetching historical index.php?page=jerusalem...
    [106/194] Fetching historical index.php?page=jobs_de...
    [107/194] Fetching historical index.php?page=jobs_en...
    [108/194] Fetching historical index.php?page=jobs_fr...
    [109/194] Fetching historical index.php?page=kashkashian...
    [110/194] Fetching historical index.php?page=kavakos...
    [111/194] Fetching historical index.php?page=keller...
    [112/194] Fetching historical index.php?page=kissin...
    [113/194] Fetching historical index.php?page=koranyi...
    [114/194] Fetching historical index.php?page=labeque...
    [115/194] Fetching historical index.php?page=lang...
    [116/194] Fetching historical index.php?page=lappsimon...
    [117/194] Fetching historical index.php?page=maisky...
    [118/194] Fetching historical index.php?page=mehta...
    [119/194] Fetching historical index.php?page=montero...
    [120/194] Fetching historical index.php?page=moser...
    [121/194] Fetching historical index.php?page=news_de...
    [122/194] Fetching historical index.php?page=news_en...
    [123/194] Fetching historical index.php?page=news_fr...
    [124/194] Fetching historical index.php?page=note010807_de...
    [125/194] Fetching historical index.php?page=note010807_en...
    [126/194] Fetching historical index.php?page=note010807_fr...
    [127/194] Fetching historical index.php?page=note040807_de...
    [128/194] Fetching historical index.php?page=note040807_en...
    [129/194] Fetching historical index.php?page=note040807_fr...
    [130/194] Fetching historical index.php?page=note050807_fr...
    [131/194] Fetching historical index.php?page=note200707_fr...
    [132/194] Fetching historical index.php?page=note210707_en...
    [133/194] Fetching historical index.php?page=note220707_fr...
    [134/194] Fetching historical index.php?page=note230707_de...
    [135/194] Fetching historical index.php?page=note230707_en...
    [136/194] Fetching historical index.php?page=note230707_fr...
    [137/194] Fetching historical index.php?page=note280707_de...
    [138/194] Fetching historical index.php?page=note280707_en...
    [139/194] Fetching historical index.php?page=note280707_fr...
    [140/194] Fetching historical index.php?page=note290707_de...
    [141/194] Fetching historical index.php?page=note290707_en...
    [142/194] Fetching historical index.php?page=note290707_fr...
    [143/194] Fetching historical index.php?page=note300707_de...
    [144/194] Fetching historical index.php?page=note300707_en...
    [145/194] Fetching historical index.php?page=note300707_fr...
    [146/194] Fetching historical index.php?page=note310707_en...
    [147/194] Fetching historical index.php?page=ohlsson...
    [148/194] Fetching historical index.php?page=orchestra...
    [149/194] Fetching historical index.php?page=parking_de...
    [150/194] Fetching historical index.php?page=partenaires_de...
    [151/194] Fetching historical index.php?page=partenaires_en...
    [152/194] Fetching historical index.php?page=patkolo...
    [153/194] Fetching historical index.php?page=percadu...
    [154/194] Fetching historical index.php?page=pletnev...
    [155/194] Fetching historical index.php?page=pontinen...
    [156/194] Fetching historical index.php?page=power...
    [157/194] Fetching historical index.php?page=practical_de...
    [158/194] Fetching historical index.php?page=practical_en...
    [159/194] Fetching historical index.php?page=practical_fr...
    [160/194] Fetching historical index.php?page=press_de...
    [161/194] Fetching historical index.php?page=press_en...
    [162/194] Fetching historical index.php?page=press_fr...
    [163/194] Fetching historical index.php?page=programme_de...
    [164/194] Fetching historical index.php?page=programme_en...
    [165/194] Fetching historical index.php?page=programme_fr...
    [166/194] Fetching historical index.php?page=quasthoff...
    [167/194] Fetching historical index.php?page=quentin...
    [168/194] Fetching historical index.php?page=rachlin...
    [169/194] Fetching historical index.php?page=rigolissimo_de...
    [170/194] Fetching historical index.php?page=rigolissimo_en...
    [171/194] Fetching historical index.php?page=rigolissimo_fr...
    [172/194] Fetching historical index.php?page=schiff...
    [173/194] Fetching historical index.php?page=shankar...
    [174/194] Fetching historical index.php?page=shchedrin...
    [175/194] Fetching historical index.php?page=shoji...
    [176/194] Fetching historical index.php?page=sitemap_en...
    [177/194] Fetching historical index.php?page=sitemap_fr...
    [178/194] Fetching historical index.php?page=soumm...
    [179/194] Fetching historical index.php?page=sponsors_de...
    [180/194] Fetching historical index.php?page=sponsors_en...
    [181/194] Fetching historical index.php?page=sponsors_fr...
    [182/194] Fetching historical index.php?page=tarver...
    [183/194] Fetching historical index.php?page=teh...
    [184/194] Fetching historical index.php?page=vassiljeva...
    [185/194] Fetching historical index.php?page=venues_en...
    [186/194] Fetching historical index.php?page=venues_fr...
    [187/194] Fetching historical index.php?page=vogt...
    [188/194] Fetching historical robots.txt...
    [189/194] Fetching historical stylesheet.php?templateid=17&m...
    [190/194] Fetching historical stylesheet.php?templateid=19&m...
    [191/194] Fetching historical stylesheet.php?templateid=21&m...
    [192/194] Fetching historical Communique_VF_180707_en.pdf...
    [193/194] Fetching historical strad.pdf...
    [194/194] Fetching historical header.swf...
    Historical sweep: 136 concerts found

    → Saved 136 concerts to /Volumes/EMPLUS-Students/CDS 2026/Project Space/Verbier/inventory/programme_data/2007_programme.json

==================================================
  Processing year: 2008
==================================================

[Wayback Historical] Sweeping domain for 2008...
    ✓ Found 110 candidate historical pages
    [1/110] Fetching historical ...
    [2/110] Fetching historical index.php?mact=News,cntnt01,de...
    [3/110] Fetching historical index.php?mact=News,cntnt01,de...
    [4/110] Fetching historical index.php?mact=News,cntnt01,rs...
    [5/110] Fetching historical index.php?page=010808_fr...
    [6/110] Fetching historical index.php?page=020808_fr...
    [7/110] Fetching historical index.php?page=030808_fr...
    [8/110] Fetching historical index.php?page=105...
    [9/110] Fetching historical index.php?page=180708_fr...
    [10/110] Fetching historical index.php?page=190708_fr...
    [11/110] Fetching historical index.php?page=200708_fr...
    [12/110] Fetching historical index.php?page=210708_fr...
    [13/110] Fetching historical index.php?page=220708_fr...
    [14/110] Fetching historical index.php?page=240708_fr...
    [15/110] Fetching historical index.php?page=250708_fr...
    [16/110] Fetching historical index.php?page=260708_fr...
    [17/110] Fetching historical index.php?page=270708_fr...
    [18/110] Fetching historical index.php?page=280708_fr...
    [19/110] Fetching historical index.php?page=290708_fr...
    [20/110] Fetching historical index.php?page=300708_fr...
    [21/110] Fetching historical index.php?page=310708_fr...
    [22/110] Fetching historical index.php?page=338...
    [23/110] Fetching historical index.php?page=352...
    [24/110] Fetching historical index.php?page=373...
    [25/110] Fetching historical index.php?page=375...
    [26/110] Fetching historical index.php?page=377...
    [27/110] Fetching historical index.php?page=379...
    [28/110] Fetching historical index.php?page=380...
    [29/110] Fetching historical index.php?page=386...
    [30/110] Fetching historical index.php?page=388...
    [31/110] Fetching historical index.php?page=39...
    [32/110] Fetching historical index.php?page=393...
    [33/110] Fetching historical index.php?page=397...
    [34/110] Fetching historical index.php?page=398...
    [35/110] Fetching historical index.php?page=399...
    [36/110] Fetching historical index.php?page=400...
    [37/110] Fetching historical index.php?page=401...
    [38/110] Fetching historical index.php?page=402...
    [39/110] Fetching historical index.php?page=403...
    [40/110] Fetching historical index.php?page=404...
    [41/110] Fetching historical index.php?page=407...
    [42/110] Fetching historical index.php?page=408...
    [43/110] Fetching historical index.php?page=409...
    [44/110] Fetching historical index.php?page=413...
    [45/110] Fetching historical index.php?page=414...
    [46/110] Fetching historical index.php?page=419...
    [47/110] Fetching historical index.php?page=421...
    [48/110] Fetching historical index.php?page=423...
    [49/110] Fetching historical index.php?page=435...
    [50/110] Fetching historical index.php?page=436...
    [51/110] Fetching historical index.php?page=437...
    [52/110] Fetching historical index.php?page=438...
    [53/110] Fetching historical index.php?page=439...
    [54/110] Fetching historical index.php?page=440...
    [55/110] Fetching historical index.php?page=444...
    [56/110] Fetching historical index.php?page=449...
    [57/110] Fetching historical index.php?page=450...
    [58/110] Fetching historical index.php?page=453...
    [59/110] Fetching historical index.php?page=454...
    [60/110] Fetching historical index.php?page=518...
    [61/110] Fetching historical index.php?page=519...
    [62/110] Fetching historical index.php?page=about_en...
    [63/110] Fetching historical index.php?page=about_fr...
    [64/110] Fetching historical index.php?page=academy_fr...
    [65/110] Fetching historical index.php?page=acmw_fr...
    [66/110] Fetching historical index.php?page=adults_fr...
    [67/110] Fetching historical index.php?page=allnews_fr...
    [68/110] Fetching historical index.php?page=apply_fr...
    [69/110] Fetching historical index.php?page=auditions_fr...
    [70/110] Fetching historical index.php?page=conseil_fr...
    [71/110] Fetching historical index.php?page=contact_en...
